MPLINK 5.09, LINKER
Linker Map File - Created Mon Sep 27 20:56:22 2021

                                 Section Info
                  Section       Type    Address   Location Size(Bytes)
                ---------  ---------  ---------  ---------  ---------
                   .org_0       code   0x000000    program   0x000002
                   .cinit    romdata   0x000001    program   0x000004
                   .org_1       code   0x000004    program   0x0005e4
.config_2007_BUILD/DEFAULT/DEBUG/_EXT/1478086       code   0x002007    program   0x000002



                              Program Memory Usage 
                               Start         End      
                           ---------   ---------      
                            0x000000    0x000002      
                            0x000004    0x0002f5      
                            0x002007    0x002007      
            758 out of 8454 program addresses used, program memory utilization is 8%



                              Symbols - Sorted by Name
                     Name    Address   Location    Storage File                     
                ---------  ---------  ---------  --------- ---------                
          Abrir_fechadura   0x0000ff    program     static C:\Users\evand\Desktop\FechaduraEletronica\Projeto Final - Evandro e Morelo\Projeto_Final-Evandro_Morelo.X\main.asm
                Delay_LCD   0x000125    program     static C:\Users\evand\Desktop\FechaduraEletronica\Projeto Final - Evandro e Morelo\Projeto_Final-Evandro_Morelo.X\up_md_lcd_driver_PIC16F.asm
              EnviaCarLCD   0x000117    program     static C:\Users\evand\Desktop\FechaduraEletronica\Projeto Final - Evandro e Morelo\Projeto_Final-Evandro_Morelo.X\up_md_lcd_driver_PIC16F.asm
              EnviaCmdLCD   0x00011e    program     static C:\Users\evand\Desktop\FechaduraEletronica\Projeto Final - Evandro e Morelo\Projeto_Final-Evandro_Morelo.X\up_md_lcd_driver_PIC16F.asm
         Enviar_msg_senha   0x0000ab    program     static C:\Users\evand\Desktop\FechaduraEletronica\Projeto Final - Evandro e Morelo\Projeto_Final-Evandro_Morelo.X\main.asm
             Enviar_senha   0x0000f2    program     static C:\Users\evand\Desktop\FechaduraEletronica\Projeto Final - Evandro e Morelo\Projeto_Final-Evandro_Morelo.X\main.asm
              Enviar_user   0x00009b    program     static C:\Users\evand\Desktop\FechaduraEletronica\Projeto Final - Evandro e Morelo\Projeto_Final-Evandro_Morelo.X\main.asm
               Inicia_LCD   0x000108    program     static C:\Users\evand\Desktop\FechaduraEletronica\Projeto Final - Evandro e Morelo\Projeto_Final-Evandro_Morelo.X\up_md_lcd_driver_PIC16F.asm
           Inicia_teclado   0x000015    program     static C:\Users\evand\Desktop\FechaduraEletronica\Projeto Final - Evandro e Morelo\Projeto_Final-Evandro_Morelo.X\up_md_teclado_4x4.asm
           Iniciar_senhas   0x0002e1    program     static C:\Users\evand\Desktop\FechaduraEletronica\Projeto Final - Evandro e Morelo\Projeto_Final-Evandro_Morelo.X\user.asm
                     Lop1   0x000071    program     static C:\Users\evand\Desktop\FechaduraEletronica\Projeto Final - Evandro e Morelo\Projeto_Final-Evandro_Morelo.X\main.asm
                     Lop2   0x0000ae    program     static C:\Users\evand\Desktop\FechaduraEletronica\Projeto Final - Evandro e Morelo\Projeto_Final-Evandro_Morelo.X\main.asm
                     ON_C   0x000062    program     static C:\Users\evand\Desktop\FechaduraEletronica\Projeto Final - Evandro e Morelo\Projeto_Final-Evandro_Morelo.X\main.asm
                Relay_off   0x000102    program     static C:\Users\evand\Desktop\FechaduraEletronica\Projeto Final - Evandro e Morelo\Projeto_Final-Evandro_Morelo.X\main.asm
                 Relay_on   0x000100    program     static C:\Users\evand\Desktop\FechaduraEletronica\Projeto Final - Evandro e Morelo\Projeto_Final-Evandro_Morelo.X\main.asm
               Senha_2dig   0x0000bb    program     static C:\Users\evand\Desktop\FechaduraEletronica\Projeto Final - Evandro e Morelo\Projeto_Final-Evandro_Morelo.X\main.asm
               Senha_3dig   0x0000c8    program     static C:\Users\evand\Desktop\FechaduraEletronica\Projeto Final - Evandro e Morelo\Projeto_Final-Evandro_Morelo.X\main.asm
               Senha_4dig   0x0000d5    program     static C:\Users\evand\Desktop\FechaduraEletronica\Projeto Final - Evandro e Morelo\Projeto_Final-Evandro_Morelo.X\main.asm
               Senha_5dig   0x0000e2    program     static C:\Users\evand\Desktop\FechaduraEletronica\Projeto Final - Evandro e Morelo\Projeto_Final-Evandro_Morelo.X\main.asm
               Senha_erro   0x0000fa    program     static C:\Users\evand\Desktop\FechaduraEletronica\Projeto Final - Evandro e Morelo\Projeto_Final-Evandro_Morelo.X\main.asm
             Set_password   0x0002bf    program     static C:\Users\evand\Desktop\FechaduraEletronica\Projeto Final - Evandro e Morelo\Projeto_Final-Evandro_Morelo.X\verify_password.asm
                TECLA_1_2   0x000067    program     static C:\Users\evand\Desktop\FechaduraEletronica\Projeto Final - Evandro e Morelo\Projeto_Final-Evandro_Morelo.X\main.asm
                  Testa_2   0x000103    program     static C:\Users\evand\Desktop\FechaduraEletronica\Projeto Final - Evandro e Morelo\Projeto_Final-Evandro_Morelo.X\main.asm
             Usuario_2dig   0x00007e    program     static C:\Users\evand\Desktop\FechaduraEletronica\Projeto Final - Evandro e Morelo\Projeto_Final-Evandro_Morelo.X\main.asm
             Usuario_3dig   0x00008b    program     static C:\Users\evand\Desktop\FechaduraEletronica\Projeto Final - Evandro e Morelo\Projeto_Final-Evandro_Morelo.X\main.asm
             Usuario_erro   0x0000a3    program     static C:\Users\evand\Desktop\FechaduraEletronica\Projeto Final - Evandro e Morelo\Projeto_Final-Evandro_Morelo.X\main.asm
          Verify_password   0x0002ca    program     static C:\Users\evand\Desktop\FechaduraEletronica\Projeto Final - Evandro e Morelo\Projeto_Final-Evandro_Morelo.X\verify_password.asm
              Verify_user   0x0002e8    program     static C:\Users\evand\Desktop\FechaduraEletronica\Projeto Final - Evandro e Morelo\Projeto_Final-Evandro_Morelo.X\user.asm
             _.org_1_0061   0x000061    program     static C:\Users\evand\Desktop\FechaduraEletronica\Projeto Final - Evandro e Morelo\Projeto_Final-Evandro_Morelo.X\main.asm
             _.org_1_0080   0x000080    program     static C:\Users\evand\Desktop\FechaduraEletronica\Projeto Final - Evandro e Morelo\Projeto_Final-Evandro_Morelo.X\main.asm
             _.org_1_008D   0x00008d    program     static C:\Users\evand\Desktop\FechaduraEletronica\Projeto Final - Evandro e Morelo\Projeto_Final-Evandro_Morelo.X\main.asm
             _.org_1_009A   0x00009a    program     static C:\Users\evand\Desktop\FechaduraEletronica\Projeto Final - Evandro e Morelo\Projeto_Final-Evandro_Morelo.X\main.asm
             _.org_1_00BD   0x0000bd    program     static C:\Users\evand\Desktop\FechaduraEletronica\Projeto Final - Evandro e Morelo\Projeto_Final-Evandro_Morelo.X\main.asm
             _.org_1_00CA   0x0000ca    program     static C:\Users\evand\Desktop\FechaduraEletronica\Projeto Final - Evandro e Morelo\Projeto_Final-Evandro_Morelo.X\main.asm
             _.org_1_00D7   0x0000d7    program     static C:\Users\evand\Desktop\FechaduraEletronica\Projeto Final - Evandro e Morelo\Projeto_Final-Evandro_Morelo.X\main.asm
             _.org_1_00E4   0x0000e4    program     static C:\Users\evand\Desktop\FechaduraEletronica\Projeto Final - Evandro e Morelo\Projeto_Final-Evandro_Morelo.X\main.asm
             _.org_1_00F1   0x0000f1    program     static C:\Users\evand\Desktop\FechaduraEletronica\Projeto Final - Evandro e Morelo\Projeto_Final-Evandro_Morelo.X\main.asm
             _.org_1_012A   0x00012a    program     static C:\Users\evand\Desktop\FechaduraEletronica\Projeto Final - Evandro e Morelo\Projeto_Final-Evandro_Morelo.X\up_md_lcd_driver_PIC16F.asm
             _.org_1_012C   0x00012c    program     static C:\Users\evand\Desktop\FechaduraEletronica\Projeto Final - Evandro e Morelo\Projeto_Final-Evandro_Morelo.X\up_md_lcd_driver_PIC16F.asm
             _.org_1_0251   0x000251    program     static C:\Users\evand\Desktop\FechaduraEletronica\Projeto Final - Evandro e Morelo\Projeto_Final-Evandro_Morelo.X\up_md_atrasos.asm
             _.org_1_0253   0x000253    program     static C:\Users\evand\Desktop\FechaduraEletronica\Projeto Final - Evandro e Morelo\Projeto_Final-Evandro_Morelo.X\up_md_atrasos.asm
             _.org_1_025A   0x00025a    program     static C:\Users\evand\Desktop\FechaduraEletronica\Projeto Final - Evandro e Morelo\Projeto_Final-Evandro_Morelo.X\up_md_atrasos.asm
             _.org_1_025C   0x00025c    program     static C:\Users\evand\Desktop\FechaduraEletronica\Projeto Final - Evandro e Morelo\Projeto_Final-Evandro_Morelo.X\up_md_atrasos.asm
             _.org_1_0263   0x000263    program     static C:\Users\evand\Desktop\FechaduraEletronica\Projeto Final - Evandro e Morelo\Projeto_Final-Evandro_Morelo.X\up_md_atrasos.asm
             _.org_1_0265   0x000265    program     static C:\Users\evand\Desktop\FechaduraEletronica\Projeto Final - Evandro e Morelo\Projeto_Final-Evandro_Morelo.X\up_md_atrasos.asm
             _.org_1_026C   0x00026c    program     static C:\Users\evand\Desktop\FechaduraEletronica\Projeto Final - Evandro e Morelo\Projeto_Final-Evandro_Morelo.X\up_md_atrasos.asm
             _.org_1_026E   0x00026e    program     static C:\Users\evand\Desktop\FechaduraEletronica\Projeto Final - Evandro e Morelo\Projeto_Final-Evandro_Morelo.X\up_md_atrasos.asm
             _.org_1_0275   0x000275    program     static C:\Users\evand\Desktop\FechaduraEletronica\Projeto Final - Evandro e Morelo\Projeto_Final-Evandro_Morelo.X\up_md_atrasos.asm
             _.org_1_0277   0x000277    program     static C:\Users\evand\Desktop\FechaduraEletronica\Projeto Final - Evandro e Morelo\Projeto_Final-Evandro_Morelo.X\up_md_atrasos.asm
             _.org_1_027E   0x00027e    program     static C:\Users\evand\Desktop\FechaduraEletronica\Projeto Final - Evandro e Morelo\Projeto_Final-Evandro_Morelo.X\up_md_atrasos.asm
             _.org_1_0280   0x000280    program     static C:\Users\evand\Desktop\FechaduraEletronica\Projeto Final - Evandro e Morelo\Projeto_Final-Evandro_Morelo.X\up_md_atrasos.asm
             _.org_1_0287   0x000287    program     static C:\Users\evand\Desktop\FechaduraEletronica\Projeto Final - Evandro e Morelo\Projeto_Final-Evandro_Morelo.X\up_md_atrasos.asm
             _.org_1_0289   0x000289    program     static C:\Users\evand\Desktop\FechaduraEletronica\Projeto Final - Evandro e Morelo\Projeto_Final-Evandro_Morelo.X\up_md_atrasos.asm
             _.org_1_0292   0x000292    program     static C:\Users\evand\Desktop\FechaduraEletronica\Projeto Final - Evandro e Morelo\Projeto_Final-Evandro_Morelo.X\up_md_atrasos.asm
             _.org_1_0294   0x000294    program     static C:\Users\evand\Desktop\FechaduraEletronica\Projeto Final - Evandro e Morelo\Projeto_Final-Evandro_Morelo.X\up_md_atrasos.asm
             _.org_1_0296   0x000296    program     static C:\Users\evand\Desktop\FechaduraEletronica\Projeto Final - Evandro e Morelo\Projeto_Final-Evandro_Morelo.X\up_md_atrasos.asm
             _.org_1_029F   0x00029f    program     static C:\Users\evand\Desktop\FechaduraEletronica\Projeto Final - Evandro e Morelo\Projeto_Final-Evandro_Morelo.X\up_md_atrasos.asm
             _.org_1_02A1   0x0002a1    program     static C:\Users\evand\Desktop\FechaduraEletronica\Projeto Final - Evandro e Morelo\Projeto_Final-Evandro_Morelo.X\up_md_atrasos.asm
             _.org_1_02A3   0x0002a3    program     static C:\Users\evand\Desktop\FechaduraEletronica\Projeto Final - Evandro e Morelo\Projeto_Final-Evandro_Morelo.X\up_md_atrasos.asm
             _.org_1_02AC   0x0002ac    program     static C:\Users\evand\Desktop\FechaduraEletronica\Projeto Final - Evandro e Morelo\Projeto_Final-Evandro_Morelo.X\up_md_atrasos.asm
             _.org_1_02AE   0x0002ae    program     static C:\Users\evand\Desktop\FechaduraEletronica\Projeto Final - Evandro e Morelo\Projeto_Final-Evandro_Morelo.X\up_md_atrasos.asm
             _.org_1_02B0   0x0002b0    program     static C:\Users\evand\Desktop\FechaduraEletronica\Projeto Final - Evandro e Morelo\Projeto_Final-Evandro_Morelo.X\up_md_atrasos.asm
             _.org_1_02B9   0x0002b9    program     static C:\Users\evand\Desktop\FechaduraEletronica\Projeto Final - Evandro e Morelo\Projeto_Final-Evandro_Morelo.X\up_md_atrasos.asm
             _.org_1_02BB   0x0002bb    program     static C:\Users\evand\Desktop\FechaduraEletronica\Projeto Final - Evandro e Morelo\Projeto_Final-Evandro_Morelo.X\up_md_atrasos.asm
             _.org_1_02BD   0x0002bd    program     static C:\Users\evand\Desktop\FechaduraEletronica\Projeto Final - Evandro e Morelo\Projeto_Final-Evandro_Morelo.X\up_md_atrasos.asm
                ascii_key   0x000004    program     static C:\Users\evand\Desktop\FechaduraEletronica\Projeto Final - Evandro e Morelo\Projeto_Final-Evandro_Morelo.X\up_md_teclado_4x4.asm
                checa_BCD   0x000048    program     static C:\Users\evand\Desktop\FechaduraEletronica\Projeto Final - Evandro e Morelo\Projeto_Final-Evandro_Morelo.X\main.asm
                 codifica   0x00003a    program     static C:\Users\evand\Desktop\FechaduraEletronica\Projeto Final - Evandro e Morelo\Projeto_Final-Evandro_Morelo.X\up_md_teclado_4x4.asm
              delay_100ms   0x000298    program     static C:\Users\evand\Desktop\FechaduraEletronica\Projeto Final - Evandro e Morelo\Projeto_Final-Evandro_Morelo.X\up_md_atrasos.asm
               delay_10ms   0x000279    program     static C:\Users\evand\Desktop\FechaduraEletronica\Projeto Final - Evandro e Morelo\Projeto_Final-Evandro_Morelo.X\up_md_atrasos.asm
                delay_1ms   0x00024c    program     static C:\Users\evand\Desktop\FechaduraEletronica\Projeto Final - Evandro e Morelo\Projeto_Final-Evandro_Morelo.X\up_md_atrasos.asm
                 delay_1s   0x0002b2    program     static C:\Users\evand\Desktop\FechaduraEletronica\Projeto Final - Evandro e Morelo\Projeto_Final-Evandro_Morelo.X\up_md_atrasos.asm
               delay_20ms   0x000282    program     static C:\Users\evand\Desktop\FechaduraEletronica\Projeto Final - Evandro e Morelo\Projeto_Final-Evandro_Morelo.X\up_md_atrasos.asm
                delay_2ms   0x000255    program     static C:\Users\evand\Desktop\FechaduraEletronica\Projeto Final - Evandro e Morelo\Projeto_Final-Evandro_Morelo.X\up_md_atrasos.asm
                delay_3ms   0x00025e    program     static C:\Users\evand\Desktop\FechaduraEletronica\Projeto Final - Evandro e Morelo\Projeto_Final-Evandro_Morelo.X\up_md_atrasos.asm
                delay_4ms   0x000267    program     static C:\Users\evand\Desktop\FechaduraEletronica\Projeto Final - Evandro e Morelo\Projeto_Final-Evandro_Morelo.X\up_md_atrasos.asm
              delay_500ms   0x0002a5    program     static C:\Users\evand\Desktop\FechaduraEletronica\Projeto Final - Evandro e Morelo\Projeto_Final-Evandro_Morelo.X\up_md_atrasos.asm
               delay_50ms   0x00028b    program     static C:\Users\evand\Desktop\FechaduraEletronica\Projeto Final - Evandro e Morelo\Projeto_Final-Evandro_Morelo.X\up_md_atrasos.asm
                delay_5ms   0x000270    program     static C:\Users\evand\Desktop\FechaduraEletronica\Projeto Final - Evandro e Morelo\Projeto_Final-Evandro_Morelo.X\up_md_atrasos.asm
            envia_msg_LCD   0x00012e    program     static C:\Users\evand\Desktop\FechaduraEletronica\Projeto Final - Evandro e Morelo\Projeto_Final-Evandro_Morelo.X\up_mensagens_PIC16F.asm
      envia_msg_abrir_LCD   0x000226    program     static C:\Users\evand\Desktop\FechaduraEletronica\Projeto Final - Evandro e Morelo\Projeto_Final-Evandro_Morelo.X\up_mensagens_PIC16F.asm
     envia_msg_entrar_LCD   0x0001aa    program     static C:\Users\evand\Desktop\FechaduraEletronica\Projeto Final - Evandro e Morelo\Projeto_Final-Evandro_Morelo.X\up_mensagens_PIC16F.asm
       envia_msg_erro_LCD   0x0001bf    program     static C:\Users\evand\Desktop\FechaduraEletronica\Projeto Final - Evandro e Morelo\Projeto_Final-Evandro_Morelo.X\up_mensagens_PIC16F.asm
       envia_msg_menu_LCD   0x000167    program     static C:\Users\evand\Desktop\FechaduraEletronica\Projeto Final - Evandro e Morelo\Projeto_Final-Evandro_Morelo.X\up_mensagens_PIC16F.asm
      envia_msg_senha_LCD   0x0001f1    program     static C:\Users\evand\Desktop\FechaduraEletronica\Projeto Final - Evandro e Morelo\Projeto_Final-Evandro_Morelo.X\up_mensagens_PIC16F.asm
 envia_msg_senha_erro_LCD   0x000202    program     static C:\Users\evand\Desktop\FechaduraEletronica\Projeto Final - Evandro e Morelo\Projeto_Final-Evandro_Morelo.X\up_mensagens_PIC16F.asm
                   ld_deb   0x00003e    program     static C:\Users\evand\Desktop\FechaduraEletronica\Projeto Final - Evandro e Morelo\Projeto_Final-Evandro_Morelo.X\up_md_teclado_4x4.asm
                     main   0x00005f    program     static C:\Users\evand\Desktop\FechaduraEletronica\Projeto Final - Evandro e Morelo\Projeto_Final-Evandro_Morelo.X\main.asm
                scan_cols   0x00002d    program     static C:\Users\evand\Desktop\FechaduraEletronica\Projeto Final - Evandro e Morelo\Projeto_Final-Evandro_Morelo.X\up_md_teclado_4x4.asm
                    setup   0x000052    program     static C:\Users\evand\Desktop\FechaduraEletronica\Projeto Final - Evandro e Morelo\Projeto_Final-Evandro_Morelo.X\main.asm
                  teclado   0x00001d    program     static C:\Users\evand\Desktop\FechaduraEletronica\Projeto Final - Evandro e Morelo\Projeto_Final-Evandro_Morelo.X\up_md_teclado_4x4.asm



                              Symbols - Sorted by Address
                     Name    Address   Location    Storage File                     
                ---------  ---------  ---------  --------- ---------                
                ascii_key   0x000004    program     static C:\Users\evand\Desktop\FechaduraEletronica\Projeto Final - Evandro e Morelo\Projeto_Final-Evandro_Morelo.X\up_md_teclado_4x4.asm
           Inicia_teclado   0x000015    program     static C:\Users\evand\Desktop\FechaduraEletronica\Projeto Final - Evandro e Morelo\Projeto_Final-Evandro_Morelo.X\up_md_teclado_4x4.asm
                  teclado   0x00001d    program     static C:\Users\evand\Desktop\FechaduraEletronica\Projeto Final - Evandro e Morelo\Projeto_Final-Evandro_Morelo.X\up_md_teclado_4x4.asm
                scan_cols   0x00002d    program     static C:\Users\evand\Desktop\FechaduraEletronica\Projeto Final - Evandro e Morelo\Projeto_Final-Evandro_Morelo.X\up_md_teclado_4x4.asm
                 codifica   0x00003a    program     static C:\Users\evand\Desktop\FechaduraEletronica\Projeto Final - Evandro e Morelo\Projeto_Final-Evandro_Morelo.X\up_md_teclado_4x4.asm
                   ld_deb   0x00003e    program     static C:\Users\evand\Desktop\FechaduraEletronica\Projeto Final - Evandro e Morelo\Projeto_Final-Evandro_Morelo.X\up_md_teclado_4x4.asm
                checa_BCD   0x000048    program     static C:\Users\evand\Desktop\FechaduraEletronica\Projeto Final - Evandro e Morelo\Projeto_Final-Evandro_Morelo.X\main.asm
                    setup   0x000052    program     static C:\Users\evand\Desktop\FechaduraEletronica\Projeto Final - Evandro e Morelo\Projeto_Final-Evandro_Morelo.X\main.asm
                     main   0x00005f    program     static C:\Users\evand\Desktop\FechaduraEletronica\Projeto Final - Evandro e Morelo\Projeto_Final-Evandro_Morelo.X\main.asm
             _.org_1_0061   0x000061    program     static C:\Users\evand\Desktop\FechaduraEletronica\Projeto Final - Evandro e Morelo\Projeto_Final-Evandro_Morelo.X\main.asm
                     ON_C   0x000062    program     static C:\Users\evand\Desktop\FechaduraEletronica\Projeto Final - Evandro e Morelo\Projeto_Final-Evandro_Morelo.X\main.asm
                TECLA_1_2   0x000067    program     static C:\Users\evand\Desktop\FechaduraEletronica\Projeto Final - Evandro e Morelo\Projeto_Final-Evandro_Morelo.X\main.asm
                     Lop1   0x000071    program     static C:\Users\evand\Desktop\FechaduraEletronica\Projeto Final - Evandro e Morelo\Projeto_Final-Evandro_Morelo.X\main.asm
             Usuario_2dig   0x00007e    program     static C:\Users\evand\Desktop\FechaduraEletronica\Projeto Final - Evandro e Morelo\Projeto_Final-Evandro_Morelo.X\main.asm
             _.org_1_0080   0x000080    program     static C:\Users\evand\Desktop\FechaduraEletronica\Projeto Final - Evandro e Morelo\Projeto_Final-Evandro_Morelo.X\main.asm
             Usuario_3dig   0x00008b    program     static C:\Users\evand\Desktop\FechaduraEletronica\Projeto Final - Evandro e Morelo\Projeto_Final-Evandro_Morelo.X\main.asm
             _.org_1_008D   0x00008d    program     static C:\Users\evand\Desktop\FechaduraEletronica\Projeto Final - Evandro e Morelo\Projeto_Final-Evandro_Morelo.X\main.asm
             _.org_1_009A   0x00009a    program     static C:\Users\evand\Desktop\FechaduraEletronica\Projeto Final - Evandro e Morelo\Projeto_Final-Evandro_Morelo.X\main.asm
              Enviar_user   0x00009b    program     static C:\Users\evand\Desktop\FechaduraEletronica\Projeto Final - Evandro e Morelo\Projeto_Final-Evandro_Morelo.X\main.asm
             Usuario_erro   0x0000a3    program     static C:\Users\evand\Desktop\FechaduraEletronica\Projeto Final - Evandro e Morelo\Projeto_Final-Evandro_Morelo.X\main.asm
         Enviar_msg_senha   0x0000ab    program     static C:\Users\evand\Desktop\FechaduraEletronica\Projeto Final - Evandro e Morelo\Projeto_Final-Evandro_Morelo.X\main.asm
                     Lop2   0x0000ae    program     static C:\Users\evand\Desktop\FechaduraEletronica\Projeto Final - Evandro e Morelo\Projeto_Final-Evandro_Morelo.X\main.asm
               Senha_2dig   0x0000bb    program     static C:\Users\evand\Desktop\FechaduraEletronica\Projeto Final - Evandro e Morelo\Projeto_Final-Evandro_Morelo.X\main.asm
             _.org_1_00BD   0x0000bd    program     static C:\Users\evand\Desktop\FechaduraEletronica\Projeto Final - Evandro e Morelo\Projeto_Final-Evandro_Morelo.X\main.asm
               Senha_3dig   0x0000c8    program     static C:\Users\evand\Desktop\FechaduraEletronica\Projeto Final - Evandro e Morelo\Projeto_Final-Evandro_Morelo.X\main.asm
             _.org_1_00CA   0x0000ca    program     static C:\Users\evand\Desktop\FechaduraEletronica\Projeto Final - Evandro e Morelo\Projeto_Final-Evandro_Morelo.X\main.asm
               Senha_4dig   0x0000d5    program     static C:\Users\evand\Desktop\FechaduraEletronica\Projeto Final - Evandro e Morelo\Projeto_Final-Evandro_Morelo.X\main.asm
             _.org_1_00D7   0x0000d7    program     static C:\Users\evand\Desktop\FechaduraEletronica\Projeto Final - Evandro e Morelo\Projeto_Final-Evandro_Morelo.X\main.asm
               Senha_5dig   0x0000e2    program     static C:\Users\evand\Desktop\FechaduraEletronica\Projeto Final - Evandro e Morelo\Projeto_Final-Evandro_Morelo.X\main.asm
             _.org_1_00E4   0x0000e4    program     static C:\Users\evand\Desktop\FechaduraEletronica\Projeto Final - Evandro e Morelo\Projeto_Final-Evandro_Morelo.X\main.asm
             _.org_1_00F1   0x0000f1    program     static C:\Users\evand\Desktop\FechaduraEletronica\Projeto Final - Evandro e Morelo\Projeto_Final-Evandro_Morelo.X\main.asm
             Enviar_senha   0x0000f2    program     static C:\Users\evand\Desktop\FechaduraEletronica\Projeto Final - Evandro e Morelo\Projeto_Final-Evandro_Morelo.X\main.asm
               Senha_erro   0x0000fa    program     static C:\Users\evand\Desktop\FechaduraEletronica\Projeto Final - Evandro e Morelo\Projeto_Final-Evandro_Morelo.X\main.asm
          Abrir_fechadura   0x0000ff    program     static C:\Users\evand\Desktop\FechaduraEletronica\Projeto Final - Evandro e Morelo\Projeto_Final-Evandro_Morelo.X\main.asm
                 Relay_on   0x000100    program     static C:\Users\evand\Desktop\FechaduraEletronica\Projeto Final - Evandro e Morelo\Projeto_Final-Evandro_Morelo.X\main.asm
                Relay_off   0x000102    program     static C:\Users\evand\Desktop\FechaduraEletronica\Projeto Final - Evandro e Morelo\Projeto_Final-Evandro_Morelo.X\main.asm
                  Testa_2   0x000103    program     static C:\Users\evand\Desktop\FechaduraEletronica\Projeto Final - Evandro e Morelo\Projeto_Final-Evandro_Morelo.X\main.asm
               Inicia_LCD   0x000108    program     static C:\Users\evand\Desktop\FechaduraEletronica\Projeto Final - Evandro e Morelo\Projeto_Final-Evandro_Morelo.X\up_md_lcd_driver_PIC16F.asm
              EnviaCarLCD   0x000117    program     static C:\Users\evand\Desktop\FechaduraEletronica\Projeto Final - Evandro e Morelo\Projeto_Final-Evandro_Morelo.X\up_md_lcd_driver_PIC16F.asm
              EnviaCmdLCD   0x00011e    program     static C:\Users\evand\Desktop\FechaduraEletronica\Projeto Final - Evandro e Morelo\Projeto_Final-Evandro_Morelo.X\up_md_lcd_driver_PIC16F.asm
                Delay_LCD   0x000125    program     static C:\Users\evand\Desktop\FechaduraEletronica\Projeto Final - Evandro e Morelo\Projeto_Final-Evandro_Morelo.X\up_md_lcd_driver_PIC16F.asm
             _.org_1_012A   0x00012a    program     static C:\Users\evand\Desktop\FechaduraEletronica\Projeto Final - Evandro e Morelo\Projeto_Final-Evandro_Morelo.X\up_md_lcd_driver_PIC16F.asm
             _.org_1_012C   0x00012c    program     static C:\Users\evand\Desktop\FechaduraEletronica\Projeto Final - Evandro e Morelo\Projeto_Final-Evandro_Morelo.X\up_md_lcd_driver_PIC16F.asm
            envia_msg_LCD   0x00012e    program     static C:\Users\evand\Desktop\FechaduraEletronica\Projeto Final - Evandro e Morelo\Projeto_Final-Evandro_Morelo.X\up_mensagens_PIC16F.asm
       envia_msg_menu_LCD   0x000167    program     static C:\Users\evand\Desktop\FechaduraEletronica\Projeto Final - Evandro e Morelo\Projeto_Final-Evandro_Morelo.X\up_mensagens_PIC16F.asm
     envia_msg_entrar_LCD   0x0001aa    program     static C:\Users\evand\Desktop\FechaduraEletronica\Projeto Final - Evandro e Morelo\Projeto_Final-Evandro_Morelo.X\up_mensagens_PIC16F.asm
       envia_msg_erro_LCD   0x0001bf    program     static C:\Users\evand\Desktop\FechaduraEletronica\Projeto Final - Evandro e Morelo\Projeto_Final-Evandro_Morelo.X\up_mensagens_PIC16F.asm
      envia_msg_senha_LCD   0x0001f1    program     static C:\Users\evand\Desktop\FechaduraEletronica\Projeto Final - Evandro e Morelo\Projeto_Final-Evandro_Morelo.X\up_mensagens_PIC16F.asm
 envia_msg_senha_erro_LCD   0x000202    program     static C:\Users\evand\Desktop\FechaduraEletronica\Projeto Final - Evandro e Morelo\Projeto_Final-Evandro_Morelo.X\up_mensagens_PIC16F.asm
      envia_msg_abrir_LCD   0x000226    program     static C:\Users\evand\Desktop\FechaduraEletronica\Projeto Final - Evandro e Morelo\Projeto_Final-Evandro_Morelo.X\up_mensagens_PIC16F.asm
                delay_1ms   0x00024c    program     static C:\Users\evand\Desktop\FechaduraEletronica\Projeto Final - Evandro e Morelo\Projeto_Final-Evandro_Morelo.X\up_md_atrasos.asm
             _.org_1_0251   0x000251    program     static C:\Users\evand\Desktop\FechaduraEletronica\Projeto Final - Evandro e Morelo\Projeto_Final-Evandro_Morelo.X\up_md_atrasos.asm
             _.org_1_0253   0x000253    program     static C:\Users\evand\Desktop\FechaduraEletronica\Projeto Final - Evandro e Morelo\Projeto_Final-Evandro_Morelo.X\up_md_atrasos.asm
                delay_2ms   0x000255    program     static C:\Users\evand\Desktop\FechaduraEletronica\Projeto Final - Evandro e Morelo\Projeto_Final-Evandro_Morelo.X\up_md_atrasos.asm
             _.org_1_025A   0x00025a    program     static C:\Users\evand\Desktop\FechaduraEletronica\Projeto Final - Evandro e Morelo\Projeto_Final-Evandro_Morelo.X\up_md_atrasos.asm
             _.org_1_025C   0x00025c    program     static C:\Users\evand\Desktop\FechaduraEletronica\Projeto Final - Evandro e Morelo\Projeto_Final-Evandro_Morelo.X\up_md_atrasos.asm
                delay_3ms   0x00025e    program     static C:\Users\evand\Desktop\FechaduraEletronica\Projeto Final - Evandro e Morelo\Projeto_Final-Evandro_Morelo.X\up_md_atrasos.asm
             _.org_1_0263   0x000263    program     static C:\Users\evand\Desktop\FechaduraEletronica\Projeto Final - Evandro e Morelo\Projeto_Final-Evandro_Morelo.X\up_md_atrasos.asm
             _.org_1_0265   0x000265    program     static C:\Users\evand\Desktop\FechaduraEletronica\Projeto Final - Evandro e Morelo\Projeto_Final-Evandro_Morelo.X\up_md_atrasos.asm
                delay_4ms   0x000267    program     static C:\Users\evand\Desktop\FechaduraEletronica\Projeto Final - Evandro e Morelo\Projeto_Final-Evandro_Morelo.X\up_md_atrasos.asm
             _.org_1_026C   0x00026c    program     static C:\Users\evand\Desktop\FechaduraEletronica\Projeto Final - Evandro e Morelo\Projeto_Final-Evandro_Morelo.X\up_md_atrasos.asm
             _.org_1_026E   0x00026e    program     static C:\Users\evand\Desktop\FechaduraEletronica\Projeto Final - Evandro e Morelo\Projeto_Final-Evandro_Morelo.X\up_md_atrasos.asm
                delay_5ms   0x000270    program     static C:\Users\evand\Desktop\FechaduraEletronica\Projeto Final - Evandro e Morelo\Projeto_Final-Evandro_Morelo.X\up_md_atrasos.asm
             _.org_1_0275   0x000275    program     static C:\Users\evand\Desktop\FechaduraEletronica\Projeto Final - Evandro e Morelo\Projeto_Final-Evandro_Morelo.X\up_md_atrasos.asm
             _.org_1_0277   0x000277    program     static C:\Users\evand\Desktop\FechaduraEletronica\Projeto Final - Evandro e Morelo\Projeto_Final-Evandro_Morelo.X\up_md_atrasos.asm
               delay_10ms   0x000279    program     static C:\Users\evand\Desktop\FechaduraEletronica\Projeto Final - Evandro e Morelo\Projeto_Final-Evandro_Morelo.X\up_md_atrasos.asm
             _.org_1_027E   0x00027e    program     static C:\Users\evand\Desktop\FechaduraEletronica\Projeto Final - Evandro e Morelo\Projeto_Final-Evandro_Morelo.X\up_md_atrasos.asm
             _.org_1_0280   0x000280    program     static C:\Users\evand\Desktop\FechaduraEletronica\Projeto Final - Evandro e Morelo\Projeto_Final-Evandro_Morelo.X\up_md_atrasos.asm
               delay_20ms   0x000282    program     static C:\Users\evand\Desktop\FechaduraEletronica\Projeto Final - Evandro e Morelo\Projeto_Final-Evandro_Morelo.X\up_md_atrasos.asm
             _.org_1_0287   0x000287    program     static C:\Users\evand\Desktop\FechaduraEletronica\Projeto Final - Evandro e Morelo\Projeto_Final-Evandro_Morelo.X\up_md_atrasos.asm
             _.org_1_0289   0x000289    program     static C:\Users\evand\Desktop\FechaduraEletronica\Projeto Final - Evandro e Morelo\Projeto_Final-Evandro_Morelo.X\up_md_atrasos.asm
               delay_50ms   0x00028b    program     static C:\Users\evand\Desktop\FechaduraEletronica\Projeto Final - Evandro e Morelo\Projeto_Final-Evandro_Morelo.X\up_md_atrasos.asm
             _.org_1_0292   0x000292    program     static C:\Users\evand\Desktop\FechaduraEletronica\Projeto Final - Evandro e Morelo\Projeto_Final-Evandro_Morelo.X\up_md_atrasos.asm
             _.org_1_0294   0x000294    program     static C:\Users\evand\Desktop\FechaduraEletronica\Projeto Final - Evandro e Morelo\Projeto_Final-Evandro_Morelo.X\up_md_atrasos.asm
             _.org_1_0296   0x000296    program     static C:\Users\evand\Desktop\FechaduraEletronica\Projeto Final - Evandro e Morelo\Projeto_Final-Evandro_Morelo.X\up_md_atrasos.asm
              delay_100ms   0x000298    program     static C:\Users\evand\Desktop\FechaduraEletronica\Projeto Final - Evandro e Morelo\Projeto_Final-Evandro_Morelo.X\up_md_atrasos.asm
             _.org_1_029F   0x00029f    program     static C:\Users\evand\Desktop\FechaduraEletronica\Projeto Final - Evandro e Morelo\Projeto_Final-Evandro_Morelo.X\up_md_atrasos.asm
             _.org_1_02A1   0x0002a1    program     static C:\Users\evand\Desktop\FechaduraEletronica\Projeto Final - Evandro e Morelo\Projeto_Final-Evandro_Morelo.X\up_md_atrasos.asm
             _.org_1_02A3   0x0002a3    program     static C:\Users\evand\Desktop\FechaduraEletronica\Projeto Final - Evandro e Morelo\Projeto_Final-Evandro_Morelo.X\up_md_atrasos.asm
              delay_500ms   0x0002a5    program     static C:\Users\evand\Desktop\FechaduraEletronica\Projeto Final - Evandro e Morelo\Projeto_Final-Evandro_Morelo.X\up_md_atrasos.asm
             _.org_1_02AC   0x0002ac    program     static C:\Users\evand\Desktop\FechaduraEletronica\Projeto Final - Evandro e Morelo\Projeto_Final-Evandro_Morelo.X\up_md_atrasos.asm
             _.org_1_02AE   0x0002ae    program     static C:\Users\evand\Desktop\FechaduraEletronica\Projeto Final - Evandro e Morelo\Projeto_Final-Evandro_Morelo.X\up_md_atrasos.asm
             _.org_1_02B0   0x0002b0    program     static C:\Users\evand\Desktop\FechaduraEletronica\Projeto Final - Evandro e Morelo\Projeto_Final-Evandro_Morelo.X\up_md_atrasos.asm
                 delay_1s   0x0002b2    program     static C:\Users\evand\Desktop\FechaduraEletronica\Projeto Final - Evandro e Morelo\Projeto_Final-Evandro_Morelo.X\up_md_atrasos.asm
             _.org_1_02B9   0x0002b9    program     static C:\Users\evand\Desktop\FechaduraEletronica\Projeto Final - Evandro e Morelo\Projeto_Final-Evandro_Morelo.X\up_md_atrasos.asm
             _.org_1_02BB   0x0002bb    program     static C:\Users\evand\Desktop\FechaduraEletronica\Projeto Final - Evandro e Morelo\Projeto_Final-Evandro_Morelo.X\up_md_atrasos.asm
             _.org_1_02BD   0x0002bd    program     static C:\Users\evand\Desktop\FechaduraEletronica\Projeto Final - Evandro e Morelo\Projeto_Final-Evandro_Morelo.X\up_md_atrasos.asm
             Set_password   0x0002bf    program     static C:\Users\evand\Desktop\FechaduraEletronica\Projeto Final - Evandro e Morelo\Projeto_Final-Evandro_Morelo.X\verify_password.asm
          Verify_password   0x0002ca    program     static C:\Users\evand\Desktop\FechaduraEletronica\Projeto Final - Evandro e Morelo\Projeto_Final-Evandro_Morelo.X\verify_password.asm
           Iniciar_senhas   0x0002e1    program     static C:\Users\evand\Desktop\FechaduraEletronica\Projeto Final - Evandro e Morelo\Projeto_Final-Evandro_Morelo.X\user.asm
              Verify_user   0x0002e8    program     static C:\Users\evand\Desktop\FechaduraEletronica\Projeto Final - Evandro e Morelo\Projeto_Final-Evandro_Morelo.X\user.asm


