MPLINK 4.49, Linker
Linker Map File - Created Fri Jul 02 23:06:09 2021

                                 Section Info
                  Section       Type    Address   Location Size(Bytes)
                ---------  ---------  ---------  ---------  ---------
                   .org_0       code   0x000000    program   0x000000
                   .org_1       code   0x000000    program   0x000036
 .config_2007_TUTORIAL0.O       code   0x002007    program   0x000002



                              Program Memory Usage 
                               Start         End      
                           ---------   ---------      
                            0x000000    0x00001a      
                            0x002007    0x002007      
            28 out of 8454 program addresses used, program memory utilization is 0%



                              Symbols - Sorted by Name
                     Name    Address   Location    Storage File                     
                ---------  ---------  ---------  --------- ---------                
                    Delay   0x00000e    program     static C:\Users\War\Google Drive\ufmt\Micro\wr_PWM\tutorial0.asm
                  Delay_0   0x000014    program     static C:\Users\War\Google Drive\ufmt\Micro\wr_PWM\tutorial0.asm
                     Loop   0x000009    program     static C:\Users\War\Google Drive\ufmt\Micro\wr_PWM\tutorial0.asm
                       d1   0x000010    program     static C:\Users\War\Google Drive\ufmt\Micro\wr_PWM\tutorial0.asm



                              Symbols - Sorted by Address
                     Name    Address   Location    Storage File                     
                ---------  ---------  ---------  --------- ---------                
                     Loop   0x000009    program     static C:\Users\War\Google Drive\ufmt\Micro\wr_PWM\tutorial0.asm
                    Delay   0x00000e    program     static C:\Users\War\Google Drive\ufmt\Micro\wr_PWM\tutorial0.asm
                       d1   0x000010    program     static C:\Users\War\Google Drive\ufmt\Micro\wr_PWM\tutorial0.asm
                  Delay_0   0x000014    program     static C:\Users\War\Google Drive\ufmt\Micro\wr_PWM\tutorial0.asm


