MPLINK 5.09, LINKER
Linker Map File - Created Sat Sep 25 17:08:56 2021

                                 Section Info
                  Section       Type    Address   Location Size(Bytes)
                ---------  ---------  ---------  ---------  ---------
                   .org_0       code   0x000000    program   0x000002
                   .cinit    romdata   0x000001    program   0x000004
                   .org_1       code   0x000004    program   0x00087c
.config_2007_BUILD/DEFAULT/DEBUG/_EXT/5710151       code   0x002007    program   0x000002



                              Program Memory Usage 
                               Start         End      
                           ---------   ---------      
                            0x000000    0x000002      
                            0x000004    0x000441      
                            0x002007    0x002007      
            1090 out of 8454 program addresses used, program memory utilization is 12%



                              Symbols - Sorted by Name
                     Name    Address   Location    Storage File                     
                ---------  ---------  ---------  --------- ---------                
               BCD_2_bin8   0x0001ed    program     static C:\USERS\EVAND\DESKTOP\FECHADURAELETRONICA\WR_PWM\up_3BCD_bin8.asm
              Bin16_2_BCD   0x0001ff    program     static C:\USERS\EVAND\DESKTOP\FECHADURAELETRONICA\WR_PWM\up_Bin16_BCD.asm
              Converte_AD   0x0002eb    program     static C:\USERS\EVAND\DESKTOP\FECHADURAELETRONICA\WR_PWM\up_CAD.asm
                Delay_LCD   0x000266    program     static C:\USERS\EVAND\DESKTOP\FECHADURAELETRONICA\WR_PWM\up_md_lcd_driver.asm
                  Divide8   0x0001e4    program     static C:\USERS\EVAND\DESKTOP\FECHADURAELETRONICA\WR_PWM\up_aritmetica_8b.asm
              EnviaCarLCD   0x000258    program     static C:\USERS\EVAND\DESKTOP\FECHADURAELETRONICA\WR_PWM\up_md_lcd_driver.asm
              EnviaCmdLCD   0x00025f    program     static C:\USERS\EVAND\DESKTOP\FECHADURAELETRONICA\WR_PWM\up_md_lcd_driver.asm
               INC_CCPR1L   0x0000a9    program     static C:\Users\evand\Desktop\FechaduraEletronica\wr_PWM\main.asm
             INC_CCPR1L_1   0x0000ee    program     static C:\Users\evand\Desktop\FechaduraEletronica\wr_PWM\main.asm
                     INIT   0x000099    program     static C:\Users\evand\Desktop\FechaduraEletronica\wr_PWM\main.asm
                   INIT_1   0x0000de    program     static C:\Users\evand\Desktop\FechaduraEletronica\wr_PWM\main.asm
               Inicia_LCD   0x000249    program     static C:\USERS\EVAND\DESKTOP\FECHADURAELETRONICA\WR_PWM\up_md_lcd_driver.asm
           Inicia_teclado   0x000015    program     static C:\USERS\EVAND\DESKTOP\FECHADURAELETRONICA\WR_PWM\up_md_teclado_4x4.asm
              Iniciar_AN0   0x0002e2    program     static C:\USERS\EVAND\DESKTOP\FECHADURAELETRONICA\WR_PWM\up_CAD.asm
              Iniciar_AN1   0x0002e5    program     static C:\USERS\EVAND\DESKTOP\FECHADURAELETRONICA\WR_PWM\up_CAD.asm
              Iniciar_AN3   0x0002e8    program     static C:\USERS\EVAND\DESKTOP\FECHADURAELETRONICA\WR_PWM\up_CAD.asm
             Lop1_teclado   0x00005e    program     static C:\Users\evand\Desktop\FechaduraEletronica\wr_PWM\main.asm
             Lop2_teclado   0x000066    program     static C:\Users\evand\Desktop\FechaduraEletronica\wr_PWM\main.asm
             Lop3_teclado   0x00006e    program     static C:\Users\evand\Desktop\FechaduraEletronica\wr_PWM\main.asm
                     MAIN   0x00005c    program     static C:\Users\evand\Desktop\FechaduraEletronica\wr_PWM\main.asm
                   MAIN_0   0x0000a8    program     static C:\Users\evand\Desktop\FechaduraEletronica\wr_PWM\main.asm
                   MAIN_1   0x0000ed    program     static C:\Users\evand\Desktop\FechaduraEletronica\wr_PWM\main.asm
                   Multi8   0x0001d6    program     static C:\USERS\EVAND\DESKTOP\FECHADURAELETRONICA\WR_PWM\up_aritmetica_8b.asm
          PROGRAMA_PORTAO   0x000079    program     static C:\Users\evand\Desktop\FechaduraEletronica\wr_PWM\main.asm
               RxCarUART1   0x00030d    program     static C:\USERS\EVAND\DESKTOP\FECHADURAELETRONICA\WR_PWM\up_UART.asm
               RxCarUART2   0x000317    program     static C:\USERS\EVAND\DESKTOP\FECHADURAELETRONICA\WR_PWM\up_UART.asm
               RxCarUART3   0x000321    program     static C:\USERS\EVAND\DESKTOP\FECHADURAELETRONICA\WR_PWM\up_UART.asm
               RxCarUART4   0x00032b    program     static C:\USERS\EVAND\DESKTOP\FECHADURAELETRONICA\WR_PWM\up_UART.asm
               RxCarUART5   0x00034b    program     static C:\USERS\EVAND\DESKTOP\FECHADURAELETRONICA\WR_PWM\up_UART.asm
               RxCarUART6   0x000372    program     static C:\USERS\EVAND\DESKTOP\FECHADURAELETRONICA\WR_PWM\up_UART.asm
                  RxError   0x000399    program     static C:\USERS\EVAND\DESKTOP\FECHADURAELETRONICA\WR_PWM\up_UART.asm
                    RxTx1   0x000138    program     static C:\Users\evand\Desktop\FechaduraEletronica\wr_PWM\main.asm
                    RxTx2   0x00013d    program     static C:\Users\evand\Desktop\FechaduraEletronica\wr_PWM\main.asm
                    RxTx3   0x000142    program     static C:\Users\evand\Desktop\FechaduraEletronica\wr_PWM\main.asm
                   TxCar1   0x000308    program     static C:\USERS\EVAND\DESKTOP\FECHADURAELETRONICA\WR_PWM\up_UART.asm
                TxCarUART   0x000307    program     static C:\USERS\EVAND\DESKTOP\FECHADURAELETRONICA\WR_PWM\up_UART.asm
                TxCmdUART   0x000307    program     static C:\USERS\EVAND\DESKTOP\FECHADURAELETRONICA\WR_PWM\up_UART.asm
             _.org_1_0148   0x000148    program     static C:\Users\evand\Desktop\FechaduraEletronica\wr_PWM\main.asm
             _.org_1_015D   0x00015d    program     static C:\Users\evand\Desktop\FechaduraEletronica\wr_PWM\main.asm
             _.org_1_0175   0x000175    program     static C:\Users\evand\Desktop\FechaduraEletronica\wr_PWM\main.asm
             _.org_1_018B   0x00018b    program     static C:\Users\evand\Desktop\FechaduraEletronica\wr_PWM\main.asm
             _.org_1_026B   0x00026b    program     static C:\USERS\EVAND\DESKTOP\FECHADURAELETRONICA\WR_PWM\up_md_lcd_driver.asm
             _.org_1_026D   0x00026d    program     static C:\USERS\EVAND\DESKTOP\FECHADURAELETRONICA\WR_PWM\up_md_lcd_driver.asm
             _.org_1_0274   0x000274    program     static C:\USERS\EVAND\DESKTOP\FECHADURAELETRONICA\WR_PWM\up_md_atrasos.asm
             _.org_1_0276   0x000276    program     static C:\USERS\EVAND\DESKTOP\FECHADURAELETRONICA\WR_PWM\up_md_atrasos.asm
             _.org_1_027D   0x00027d    program     static C:\USERS\EVAND\DESKTOP\FECHADURAELETRONICA\WR_PWM\up_md_atrasos.asm
             _.org_1_027F   0x00027f    program     static C:\USERS\EVAND\DESKTOP\FECHADURAELETRONICA\WR_PWM\up_md_atrasos.asm
             _.org_1_0286   0x000286    program     static C:\USERS\EVAND\DESKTOP\FECHADURAELETRONICA\WR_PWM\up_md_atrasos.asm
             _.org_1_0288   0x000288    program     static C:\USERS\EVAND\DESKTOP\FECHADURAELETRONICA\WR_PWM\up_md_atrasos.asm
             _.org_1_028F   0x00028f    program     static C:\USERS\EVAND\DESKTOP\FECHADURAELETRONICA\WR_PWM\up_md_atrasos.asm
             _.org_1_0291   0x000291    program     static C:\USERS\EVAND\DESKTOP\FECHADURAELETRONICA\WR_PWM\up_md_atrasos.asm
             _.org_1_0298   0x000298    program     static C:\USERS\EVAND\DESKTOP\FECHADURAELETRONICA\WR_PWM\up_md_atrasos.asm
             _.org_1_029A   0x00029a    program     static C:\USERS\EVAND\DESKTOP\FECHADURAELETRONICA\WR_PWM\up_md_atrasos.asm
             _.org_1_02A1   0x0002a1    program     static C:\USERS\EVAND\DESKTOP\FECHADURAELETRONICA\WR_PWM\up_md_atrasos.asm
             _.org_1_02A3   0x0002a3    program     static C:\USERS\EVAND\DESKTOP\FECHADURAELETRONICA\WR_PWM\up_md_atrasos.asm
             _.org_1_02AA   0x0002aa    program     static C:\USERS\EVAND\DESKTOP\FECHADURAELETRONICA\WR_PWM\up_md_atrasos.asm
             _.org_1_02AC   0x0002ac    program     static C:\USERS\EVAND\DESKTOP\FECHADURAELETRONICA\WR_PWM\up_md_atrasos.asm
             _.org_1_02B5   0x0002b5    program     static C:\USERS\EVAND\DESKTOP\FECHADURAELETRONICA\WR_PWM\up_md_atrasos.asm
             _.org_1_02B7   0x0002b7    program     static C:\USERS\EVAND\DESKTOP\FECHADURAELETRONICA\WR_PWM\up_md_atrasos.asm
             _.org_1_02B9   0x0002b9    program     static C:\USERS\EVAND\DESKTOP\FECHADURAELETRONICA\WR_PWM\up_md_atrasos.asm
             _.org_1_02C2   0x0002c2    program     static C:\USERS\EVAND\DESKTOP\FECHADURAELETRONICA\WR_PWM\up_md_atrasos.asm
             _.org_1_02C4   0x0002c4    program     static C:\USERS\EVAND\DESKTOP\FECHADURAELETRONICA\WR_PWM\up_md_atrasos.asm
             _.org_1_02C6   0x0002c6    program     static C:\USERS\EVAND\DESKTOP\FECHADURAELETRONICA\WR_PWM\up_md_atrasos.asm
             _.org_1_02CF   0x0002cf    program     static C:\USERS\EVAND\DESKTOP\FECHADURAELETRONICA\WR_PWM\up_md_atrasos.asm
             _.org_1_02D1   0x0002d1    program     static C:\USERS\EVAND\DESKTOP\FECHADURAELETRONICA\WR_PWM\up_md_atrasos.asm
             _.org_1_02D3   0x0002d3    program     static C:\USERS\EVAND\DESKTOP\FECHADURAELETRONICA\WR_PWM\up_md_atrasos.asm
             _.org_1_02DC   0x0002dc    program     static C:\USERS\EVAND\DESKTOP\FECHADURAELETRONICA\WR_PWM\up_md_atrasos.asm
             _.org_1_02DE   0x0002de    program     static C:\USERS\EVAND\DESKTOP\FECHADURAELETRONICA\WR_PWM\up_md_atrasos.asm
             _.org_1_02E0   0x0002e0    program     static C:\USERS\EVAND\DESKTOP\FECHADURAELETRONICA\WR_PWM\up_md_atrasos.asm
             _.org_1_02EE   0x0002ee    program     static C:\USERS\EVAND\DESKTOP\FECHADURAELETRONICA\WR_PWM\up_CAD.asm
             _.org_1_02F1   0x0002f1    program     static C:\USERS\EVAND\DESKTOP\FECHADURAELETRONICA\WR_PWM\up_CAD.asm
      abreportao_fechando   0x000121    program     static C:\Users\evand\Desktop\FechaduraEletronica\wr_PWM\main.asm
             abrir_fechar   0x0003bc    program     static C:\USERS\EVAND\DESKTOP\FECHADURAELETRONICA\WR_PWM\up_msg.asm
                ascii_key   0x000004    program     static C:\USERS\EVAND\DESKTOP\FECHADURAELETRONICA\WR_PWM\up_md_teclado_4x4.asm
                   blue_1   0x0001a8    program     static C:\USERS\EVAND\DESKTOP\FECHADURAELETRONICA\WR_PWM\senha.asm
                   blue_2   0x0001ad    program     static C:\USERS\EVAND\DESKTOP\FECHADURAELETRONICA\WR_PWM\senha.asm
                   blue_3   0x0001b2    program     static C:\USERS\EVAND\DESKTOP\FECHADURAELETRONICA\WR_PWM\senha.asm
             blue_abrindo   0x00017c    program     static C:\Users\evand\Desktop\FechaduraEletronica\wr_PWM\main.asm
            blue_fechando   0x000166    program     static C:\Users\evand\Desktop\FechaduraEletronica\wr_PWM\main.asm
              calculadora   0x00005c    program     static C:\Users\evand\Desktop\FechaduraEletronica\wr_PWM\main.asm
          caracter_errado   0x000347    program     static C:\USERS\EVAND\DESKTOP\FECHADURAELETRONICA\WR_PWM\up_UART.asm
  caracter_errado_abrindo   0x000395    program     static C:\USERS\EVAND\DESKTOP\FECHADURAELETRONICA\WR_PWM\up_UART.asm
 caracter_errado_fechando   0x00036e    program     static C:\USERS\EVAND\DESKTOP\FECHADURAELETRONICA\WR_PWM\up_UART.asm
                   certo1   0x0001b7    program     static C:\USERS\EVAND\DESKTOP\FECHADURAELETRONICA\WR_PWM\senha.asm
                 codifica   0x00003e    program     static C:\USERS\EVAND\DESKTOP\FECHADURAELETRONICA\WR_PWM\up_md_teclado_4x4.asm
     comando_blue_abrindo   0x000389    program     static C:\USERS\EVAND\DESKTOP\FECHADURAELETRONICA\WR_PWM\up_UART.asm
    comando_blue_fechando   0x000362    program     static C:\USERS\EVAND\DESKTOP\FECHADURAELETRONICA\WR_PWM\up_UART.asm
             comando_m1_C   0x000343    program     static C:\USERS\EVAND\DESKTOP\FECHADURAELETRONICA\WR_PWM\up_UART.asm
     comando_m1_C_abrindo   0x00038d    program     static C:\USERS\EVAND\DESKTOP\FECHADURAELETRONICA\WR_PWM\up_UART.asm
             comando_m1_O   0x00033f    program     static C:\USERS\EVAND\DESKTOP\FECHADURAELETRONICA\WR_PWM\up_UART.asm
    comando_m1_O_fechando   0x000366    program     static C:\USERS\EVAND\DESKTOP\FECHADURAELETRONICA\WR_PWM\up_UART.asm
     comando_m1_S_abrindo   0x000391    program     static C:\USERS\EVAND\DESKTOP\FECHADURAELETRONICA\WR_PWM\up_UART.asm
    comando_m1_S_fechando   0x00036a    program     static C:\USERS\EVAND\DESKTOP\FECHADURAELETRONICA\WR_PWM\up_UART.asm
                       d1   0x000210    program     static C:\USERS\EVAND\DESKTOP\FECHADURAELETRONICA\WR_PWM\up_Bin16_BCD.asm
                       d2   0x000212    program     static C:\USERS\EVAND\DESKTOP\FECHADURAELETRONICA\WR_PWM\up_Bin16_BCD.asm
                       d3   0x000225    program     static C:\USERS\EVAND\DESKTOP\FECHADURAELETRONICA\WR_PWM\up_Bin16_BCD.asm
                       d4   0x000227    program     static C:\USERS\EVAND\DESKTOP\FECHADURAELETRONICA\WR_PWM\up_Bin16_BCD.asm
                       d5   0x000238    program     static C:\USERS\EVAND\DESKTOP\FECHADURAELETRONICA\WR_PWM\up_Bin16_BCD.asm
                   d_cent   0x00022e    program     static C:\USERS\EVAND\DESKTOP\FECHADURAELETRONICA\WR_PWM\up_Bin16_BCD.asm
                    d_dec   0x00023f    program     static C:\USERS\EVAND\DESKTOP\FECHADURAELETRONICA\WR_PWM\up_Bin16_BCD.asm
                   d_dmil   0x000204    program     static C:\USERS\EVAND\DESKTOP\FECHADURAELETRONICA\WR_PWM\up_Bin16_BCD.asm
                    d_mil   0x000219    program     static C:\USERS\EVAND\DESKTOP\FECHADURAELETRONICA\WR_PWM\up_Bin16_BCD.asm
                   d_unid   0x000246    program     static C:\USERS\EVAND\DESKTOP\FECHADURAELETRONICA\WR_PWM\up_Bin16_BCD.asm
              delay_100ms   0x0002bb    program     static C:\USERS\EVAND\DESKTOP\FECHADURAELETRONICA\WR_PWM\up_md_atrasos.asm
               delay_10ms   0x00029c    program     static C:\USERS\EVAND\DESKTOP\FECHADURAELETRONICA\WR_PWM\up_md_atrasos.asm
                delay_1ms   0x00026f    program     static C:\USERS\EVAND\DESKTOP\FECHADURAELETRONICA\WR_PWM\up_md_atrasos.asm
                 delay_1s   0x0002d5    program     static C:\USERS\EVAND\DESKTOP\FECHADURAELETRONICA\WR_PWM\up_md_atrasos.asm
               delay_20ms   0x0002a5    program     static C:\USERS\EVAND\DESKTOP\FECHADURAELETRONICA\WR_PWM\up_md_atrasos.asm
                delay_2ms   0x000278    program     static C:\USERS\EVAND\DESKTOP\FECHADURAELETRONICA\WR_PWM\up_md_atrasos.asm
                delay_3ms   0x000281    program     static C:\USERS\EVAND\DESKTOP\FECHADURAELETRONICA\WR_PWM\up_md_atrasos.asm
                delay_4ms   0x00028a    program     static C:\USERS\EVAND\DESKTOP\FECHADURAELETRONICA\WR_PWM\up_md_atrasos.asm
              delay_500ms   0x0002c8    program     static C:\USERS\EVAND\DESKTOP\FECHADURAELETRONICA\WR_PWM\up_md_atrasos.asm
               delay_50ms   0x0002ae    program     static C:\USERS\EVAND\DESKTOP\FECHADURAELETRONICA\WR_PWM\up_md_atrasos.asm
                delay_5ms   0x000293    program     static C:\USERS\EVAND\DESKTOP\FECHADURAELETRONICA\WR_PWM\up_md_atrasos.asm
                  desliga   0x0000be    program     static C:\Users\evand\Desktop\FechaduraEletronica\wr_PWM\main.asm
                desliga_1   0x000116    program     static C:\Users\evand\Desktop\FechaduraEletronica\wr_PWM\main.asm
             desliga_tudo   0x000129    program     static C:\Users\evand\Desktop\FechaduraEletronica\wr_PWM\main.asm
             end_function   0x000092    program     static C:\Users\evand\Desktop\FechaduraEletronica\wr_PWM\main.asm
                  errado1   0x0001c7    program     static C:\USERS\EVAND\DESKTOP\FECHADURAELETRONICA\WR_PWM\senha.asm
       fecha_suave_fodase   0x00012e    program     static C:\Users\evand\Desktop\FechaduraEletronica\wr_PWM\main.asm
      fechaportao_abrindo   0x00011c    program     static C:\Users\evand\Desktop\FechaduraEletronica\wr_PWM\main.asm
                     fimd   0x0001eb    program     static C:\USERS\EVAND\DESKTOP\FECHADURAELETRONICA\WR_PWM\up_aritmetica_8b.asm
             iniciar_UART   0x0002f9    program     static C:\USERS\EVAND\DESKTOP\FECHADURAELETRONICA\WR_PWM\up_UART.asm
                  lazo_m8   0x0001dc    program     static C:\USERS\EVAND\DESKTOP\FECHADURAELETRONICA\WR_PWM\up_aritmetica_8b.asm
                   ld_deb   0x000043    program     static C:\USERS\EVAND\DESKTOP\FECHADURAELETRONICA\WR_PWM\up_md_teclado_4x4.asm
               limpa_tela   0x000403    program     static C:\USERS\EVAND\DESKTOP\FECHADURAELETRONICA\WR_PWM\up_msg.asm
                   loop02   0x00008d    program     static C:\Users\evand\Desktop\FechaduraEletronica\wr_PWM\main.asm
                   loop_1   0x000089    program     static C:\Users\evand\Desktop\FechaduraEletronica\wr_PWM\main.asm
                   loop_4   0x000126    program     static C:\Users\evand\Desktop\FechaduraEletronica\wr_PWM\main.asm
                   loop_5   0x0000c4    program     static C:\Users\evand\Desktop\FechaduraEletronica\wr_PWM\main.asm
                    loopd   0x0001e6    program     static C:\USERS\EVAND\DESKTOP\FECHADURAELETRONICA\WR_PWM\up_aritmetica_8b.asm
                   lop_s1   0x0000f1    program     static C:\Users\evand\Desktop\FechaduraEletronica\wr_PWM\main.asm
                  lop_s11   0x0000f6    program     static C:\Users\evand\Desktop\FechaduraEletronica\wr_PWM\main.asm
                 lop_s111   0x0000fc    program     static C:\Users\evand\Desktop\FechaduraEletronica\wr_PWM\main.asm
                   lop_s3   0x0000ac    program     static C:\Users\evand\Desktop\FechaduraEletronica\wr_PWM\main.asm
                 lops_s33   0x0000b3    program     static C:\Users\evand\Desktop\FechaduraEletronica\wr_PWM\main.asm
                lops_s333   0x0000bb    program     static C:\Users\evand\Desktop\FechaduraEletronica\wr_PWM\main.asm
                msg_senha   0x00039d    program     static C:\USERS\EVAND\DESKTOP\FECHADURAELETRONICA\WR_PWM\up_msg.asm
        msg_senha_correta   0x000423    program     static C:\USERS\EVAND\DESKTOP\FECHADURAELETRONICA\WR_PWM\up_msg.asm
         msg_senha_errada   0x000406    program     static C:\USERS\EVAND\DESKTOP\FECHADURAELETRONICA\WR_PWM\up_msg.asm
             numero_senha   0x000192    program     static C:\USERS\EVAND\DESKTOP\FECHADURAELETRONICA\WR_PWM\senha.asm
          relay_desligado   0x000093    program     static C:\Users\evand\Desktop\FechaduraEletronica\wr_PWM\main.asm
             relay_ligado   0x000096    program     static C:\Users\evand\Desktop\FechaduraEletronica\wr_PWM\main.asm
                scan_cols   0x000031    program     static C:\USERS\EVAND\DESKTOP\FECHADURAELETRONICA\WR_PWM\up_md_teclado_4x4.asm
                    setup   0x00004d    program     static C:\Users\evand\Desktop\FechaduraEletronica\wr_PWM\main.asm
              suave_mesmo   0x000135    program     static C:\Users\evand\Desktop\FechaduraEletronica\wr_PWM\main.asm
                  teclado   0x00001d    program     static C:\USERS\EVAND\DESKTOP\FECHADURAELETRONICA\WR_PWM\up_md_teclado_4x4.asm
                teclado_1   0x000199    program     static C:\USERS\EVAND\DESKTOP\FECHADURAELETRONICA\WR_PWM\senha.asm
                teclado_2   0x00019e    program     static C:\USERS\EVAND\DESKTOP\FECHADURAELETRONICA\WR_PWM\senha.asm
                teclado_3   0x0001a3    program     static C:\USERS\EVAND\DESKTOP\FECHADURAELETRONICA\WR_PWM\senha.asm
                vb_inicio   0x000162    program     static C:\Users\evand\Desktop\FechaduraEletronica\wr_PWM\main.asm
                      vba   0x000190    program     static C:\Users\evand\Desktop\FechaduraEletronica\wr_PWM\main.asm
                      vbc   0x00017a    program     static C:\Users\evand\Desktop\FechaduraEletronica\wr_PWM\main.asm
                   velo_1   0x0000c7    program     static C:\Users\evand\Desktop\FechaduraEletronica\wr_PWM\main.asm
                  velo_11   0x0000cc    program     static C:\Users\evand\Desktop\FechaduraEletronica\wr_PWM\main.asm
                  velo_12   0x0000d5    program     static C:\Users\evand\Desktop\FechaduraEletronica\wr_PWM\main.asm
                   velo_2   0x0000ff    program     static C:\Users\evand\Desktop\FechaduraEletronica\wr_PWM\main.asm
                  velo_21   0x000104    program     static C:\Users\evand\Desktop\FechaduraEletronica\wr_PWM\main.asm
                  velo_22   0x00010d    program     static C:\Users\evand\Desktop\FechaduraEletronica\wr_PWM\main.asm
    verifica_blue_abrindo   0x00037c    program     static C:\USERS\EVAND\DESKTOP\FECHADURAELETRONICA\WR_PWM\up_UART.asm
   verifica_blue_fechando   0x000355    program     static C:\USERS\EVAND\DESKTOP\FECHADURAELETRONICA\WR_PWM\up_UART.asm
              verifica_m1   0x000335    program     static C:\USERS\EVAND\DESKTOP\FECHADURAELETRONICA\WR_PWM\up_UART.asm
      verifica_m1_abrindo   0x000380    program     static C:\USERS\EVAND\DESKTOP\FECHADURAELETRONICA\WR_PWM\up_UART.asm
     verifica_m1_fechando   0x000359    program     static C:\USERS\EVAND\DESKTOP\FECHADURAELETRONICA\WR_PWM\up_UART.asm
              verifica_m2   0x000339    program     static C:\USERS\EVAND\DESKTOP\FECHADURAELETRONICA\WR_PWM\up_UART.asm
      verifica_m2_abrindo   0x000384    program     static C:\USERS\EVAND\DESKTOP\FECHADURAELETRONICA\WR_PWM\up_UART.asm
     verifica_m2_fechando   0x00035d    program     static C:\USERS\EVAND\DESKTOP\FECHADURAELETRONICA\WR_PWM\up_UART.asm
verifica_se_caractere_entrou   0x00014e    program     static C:\Users\evand\Desktop\FechaduraEletronica\wr_PWM\main.asm
        verificador_blue1   0x000146    program     static C:\Users\evand\Desktop\FechaduraEletronica\wr_PWM\main.asm
 verificador_blue_abrindo   0x000186    program     static C:\Users\evand\Desktop\FechaduraEletronica\wr_PWM\main.asm
verificador_blue_fechando   0x000170    program     static C:\Users\evand\Desktop\FechaduraEletronica\wr_PWM\main.asm
     verificador_enter_m1   0x000158    program     static C:\Users\evand\Desktop\FechaduraEletronica\wr_PWM\main.asm



                              Symbols - Sorted by Address
                     Name    Address   Location    Storage File                     
                ---------  ---------  ---------  --------- ---------                
                ascii_key   0x000004    program     static C:\USERS\EVAND\DESKTOP\FECHADURAELETRONICA\WR_PWM\up_md_teclado_4x4.asm
           Inicia_teclado   0x000015    program     static C:\USERS\EVAND\DESKTOP\FECHADURAELETRONICA\WR_PWM\up_md_teclado_4x4.asm
                  teclado   0x00001d    program     static C:\USERS\EVAND\DESKTOP\FECHADURAELETRONICA\WR_PWM\up_md_teclado_4x4.asm
                scan_cols   0x000031    program     static C:\USERS\EVAND\DESKTOP\FECHADURAELETRONICA\WR_PWM\up_md_teclado_4x4.asm
                 codifica   0x00003e    program     static C:\USERS\EVAND\DESKTOP\FECHADURAELETRONICA\WR_PWM\up_md_teclado_4x4.asm
                   ld_deb   0x000043    program     static C:\USERS\EVAND\DESKTOP\FECHADURAELETRONICA\WR_PWM\up_md_teclado_4x4.asm
                    setup   0x00004d    program     static C:\Users\evand\Desktop\FechaduraEletronica\wr_PWM\main.asm
                     MAIN   0x00005c    program     static C:\Users\evand\Desktop\FechaduraEletronica\wr_PWM\main.asm
              calculadora   0x00005c    program     static C:\Users\evand\Desktop\FechaduraEletronica\wr_PWM\main.asm
             Lop1_teclado   0x00005e    program     static C:\Users\evand\Desktop\FechaduraEletronica\wr_PWM\main.asm
             Lop2_teclado   0x000066    program     static C:\Users\evand\Desktop\FechaduraEletronica\wr_PWM\main.asm
             Lop3_teclado   0x00006e    program     static C:\Users\evand\Desktop\FechaduraEletronica\wr_PWM\main.asm
          PROGRAMA_PORTAO   0x000079    program     static C:\Users\evand\Desktop\FechaduraEletronica\wr_PWM\main.asm
                   loop_1   0x000089    program     static C:\Users\evand\Desktop\FechaduraEletronica\wr_PWM\main.asm
                   loop02   0x00008d    program     static C:\Users\evand\Desktop\FechaduraEletronica\wr_PWM\main.asm
             end_function   0x000092    program     static C:\Users\evand\Desktop\FechaduraEletronica\wr_PWM\main.asm
          relay_desligado   0x000093    program     static C:\Users\evand\Desktop\FechaduraEletronica\wr_PWM\main.asm
             relay_ligado   0x000096    program     static C:\Users\evand\Desktop\FechaduraEletronica\wr_PWM\main.asm
                     INIT   0x000099    program     static C:\Users\evand\Desktop\FechaduraEletronica\wr_PWM\main.asm
                   MAIN_0   0x0000a8    program     static C:\Users\evand\Desktop\FechaduraEletronica\wr_PWM\main.asm
               INC_CCPR1L   0x0000a9    program     static C:\Users\evand\Desktop\FechaduraEletronica\wr_PWM\main.asm
                   lop_s3   0x0000ac    program     static C:\Users\evand\Desktop\FechaduraEletronica\wr_PWM\main.asm
                 lops_s33   0x0000b3    program     static C:\Users\evand\Desktop\FechaduraEletronica\wr_PWM\main.asm
                lops_s333   0x0000bb    program     static C:\Users\evand\Desktop\FechaduraEletronica\wr_PWM\main.asm
                  desliga   0x0000be    program     static C:\Users\evand\Desktop\FechaduraEletronica\wr_PWM\main.asm
                   loop_5   0x0000c4    program     static C:\Users\evand\Desktop\FechaduraEletronica\wr_PWM\main.asm
                   velo_1   0x0000c7    program     static C:\Users\evand\Desktop\FechaduraEletronica\wr_PWM\main.asm
                  velo_11   0x0000cc    program     static C:\Users\evand\Desktop\FechaduraEletronica\wr_PWM\main.asm
                  velo_12   0x0000d5    program     static C:\Users\evand\Desktop\FechaduraEletronica\wr_PWM\main.asm
                   INIT_1   0x0000de    program     static C:\Users\evand\Desktop\FechaduraEletronica\wr_PWM\main.asm
                   MAIN_1   0x0000ed    program     static C:\Users\evand\Desktop\FechaduraEletronica\wr_PWM\main.asm
             INC_CCPR1L_1   0x0000ee    program     static C:\Users\evand\Desktop\FechaduraEletronica\wr_PWM\main.asm
                   lop_s1   0x0000f1    program     static C:\Users\evand\Desktop\FechaduraEletronica\wr_PWM\main.asm
                  lop_s11   0x0000f6    program     static C:\Users\evand\Desktop\FechaduraEletronica\wr_PWM\main.asm
                 lop_s111   0x0000fc    program     static C:\Users\evand\Desktop\FechaduraEletronica\wr_PWM\main.asm
                   velo_2   0x0000ff    program     static C:\Users\evand\Desktop\FechaduraEletronica\wr_PWM\main.asm
                  velo_21   0x000104    program     static C:\Users\evand\Desktop\FechaduraEletronica\wr_PWM\main.asm
                  velo_22   0x00010d    program     static C:\Users\evand\Desktop\FechaduraEletronica\wr_PWM\main.asm
                desliga_1   0x000116    program     static C:\Users\evand\Desktop\FechaduraEletronica\wr_PWM\main.asm
      fechaportao_abrindo   0x00011c    program     static C:\Users\evand\Desktop\FechaduraEletronica\wr_PWM\main.asm
      abreportao_fechando   0x000121    program     static C:\Users\evand\Desktop\FechaduraEletronica\wr_PWM\main.asm
                   loop_4   0x000126    program     static C:\Users\evand\Desktop\FechaduraEletronica\wr_PWM\main.asm
             desliga_tudo   0x000129    program     static C:\Users\evand\Desktop\FechaduraEletronica\wr_PWM\main.asm
       fecha_suave_fodase   0x00012e    program     static C:\Users\evand\Desktop\FechaduraEletronica\wr_PWM\main.asm
              suave_mesmo   0x000135    program     static C:\Users\evand\Desktop\FechaduraEletronica\wr_PWM\main.asm
                    RxTx1   0x000138    program     static C:\Users\evand\Desktop\FechaduraEletronica\wr_PWM\main.asm
                    RxTx2   0x00013d    program     static C:\Users\evand\Desktop\FechaduraEletronica\wr_PWM\main.asm
                    RxTx3   0x000142    program     static C:\Users\evand\Desktop\FechaduraEletronica\wr_PWM\main.asm
        verificador_blue1   0x000146    program     static C:\Users\evand\Desktop\FechaduraEletronica\wr_PWM\main.asm
             _.org_1_0148   0x000148    program     static C:\Users\evand\Desktop\FechaduraEletronica\wr_PWM\main.asm
verifica_se_caractere_entrou   0x00014e    program     static C:\Users\evand\Desktop\FechaduraEletronica\wr_PWM\main.asm
     verificador_enter_m1   0x000158    program     static C:\Users\evand\Desktop\FechaduraEletronica\wr_PWM\main.asm
             _.org_1_015D   0x00015d    program     static C:\Users\evand\Desktop\FechaduraEletronica\wr_PWM\main.asm
                vb_inicio   0x000162    program     static C:\Users\evand\Desktop\FechaduraEletronica\wr_PWM\main.asm
            blue_fechando   0x000166    program     static C:\Users\evand\Desktop\FechaduraEletronica\wr_PWM\main.asm
verificador_blue_fechando   0x000170    program     static C:\Users\evand\Desktop\FechaduraEletronica\wr_PWM\main.asm
             _.org_1_0175   0x000175    program     static C:\Users\evand\Desktop\FechaduraEletronica\wr_PWM\main.asm
                      vbc   0x00017a    program     static C:\Users\evand\Desktop\FechaduraEletronica\wr_PWM\main.asm
             blue_abrindo   0x00017c    program     static C:\Users\evand\Desktop\FechaduraEletronica\wr_PWM\main.asm
 verificador_blue_abrindo   0x000186    program     static C:\Users\evand\Desktop\FechaduraEletronica\wr_PWM\main.asm
             _.org_1_018B   0x00018b    program     static C:\Users\evand\Desktop\FechaduraEletronica\wr_PWM\main.asm
                      vba   0x000190    program     static C:\Users\evand\Desktop\FechaduraEletronica\wr_PWM\main.asm
             numero_senha   0x000192    program     static C:\USERS\EVAND\DESKTOP\FECHADURAELETRONICA\WR_PWM\senha.asm
                teclado_1   0x000199    program     static C:\USERS\EVAND\DESKTOP\FECHADURAELETRONICA\WR_PWM\senha.asm
                teclado_2   0x00019e    program     static C:\USERS\EVAND\DESKTOP\FECHADURAELETRONICA\WR_PWM\senha.asm
                teclado_3   0x0001a3    program     static C:\USERS\EVAND\DESKTOP\FECHADURAELETRONICA\WR_PWM\senha.asm
                   blue_1   0x0001a8    program     static C:\USERS\EVAND\DESKTOP\FECHADURAELETRONICA\WR_PWM\senha.asm
                   blue_2   0x0001ad    program     static C:\USERS\EVAND\DESKTOP\FECHADURAELETRONICA\WR_PWM\senha.asm
                   blue_3   0x0001b2    program     static C:\USERS\EVAND\DESKTOP\FECHADURAELETRONICA\WR_PWM\senha.asm
                   certo1   0x0001b7    program     static C:\USERS\EVAND\DESKTOP\FECHADURAELETRONICA\WR_PWM\senha.asm
                  errado1   0x0001c7    program     static C:\USERS\EVAND\DESKTOP\FECHADURAELETRONICA\WR_PWM\senha.asm
                   Multi8   0x0001d6    program     static C:\USERS\EVAND\DESKTOP\FECHADURAELETRONICA\WR_PWM\up_aritmetica_8b.asm
                  lazo_m8   0x0001dc    program     static C:\USERS\EVAND\DESKTOP\FECHADURAELETRONICA\WR_PWM\up_aritmetica_8b.asm
                  Divide8   0x0001e4    program     static C:\USERS\EVAND\DESKTOP\FECHADURAELETRONICA\WR_PWM\up_aritmetica_8b.asm
                    loopd   0x0001e6    program     static C:\USERS\EVAND\DESKTOP\FECHADURAELETRONICA\WR_PWM\up_aritmetica_8b.asm
                     fimd   0x0001eb    program     static C:\USERS\EVAND\DESKTOP\FECHADURAELETRONICA\WR_PWM\up_aritmetica_8b.asm
               BCD_2_bin8   0x0001ed    program     static C:\USERS\EVAND\DESKTOP\FECHADURAELETRONICA\WR_PWM\up_3BCD_bin8.asm
              Bin16_2_BCD   0x0001ff    program     static C:\USERS\EVAND\DESKTOP\FECHADURAELETRONICA\WR_PWM\up_Bin16_BCD.asm
                   d_dmil   0x000204    program     static C:\USERS\EVAND\DESKTOP\FECHADURAELETRONICA\WR_PWM\up_Bin16_BCD.asm
                       d1   0x000210    program     static C:\USERS\EVAND\DESKTOP\FECHADURAELETRONICA\WR_PWM\up_Bin16_BCD.asm
                       d2   0x000212    program     static C:\USERS\EVAND\DESKTOP\FECHADURAELETRONICA\WR_PWM\up_Bin16_BCD.asm
                    d_mil   0x000219    program     static C:\USERS\EVAND\DESKTOP\FECHADURAELETRONICA\WR_PWM\up_Bin16_BCD.asm
                       d3   0x000225    program     static C:\USERS\EVAND\DESKTOP\FECHADURAELETRONICA\WR_PWM\up_Bin16_BCD.asm
                       d4   0x000227    program     static C:\USERS\EVAND\DESKTOP\FECHADURAELETRONICA\WR_PWM\up_Bin16_BCD.asm
                   d_cent   0x00022e    program     static C:\USERS\EVAND\DESKTOP\FECHADURAELETRONICA\WR_PWM\up_Bin16_BCD.asm
                       d5   0x000238    program     static C:\USERS\EVAND\DESKTOP\FECHADURAELETRONICA\WR_PWM\up_Bin16_BCD.asm
                    d_dec   0x00023f    program     static C:\USERS\EVAND\DESKTOP\FECHADURAELETRONICA\WR_PWM\up_Bin16_BCD.asm
                   d_unid   0x000246    program     static C:\USERS\EVAND\DESKTOP\FECHADURAELETRONICA\WR_PWM\up_Bin16_BCD.asm
               Inicia_LCD   0x000249    program     static C:\USERS\EVAND\DESKTOP\FECHADURAELETRONICA\WR_PWM\up_md_lcd_driver.asm
              EnviaCarLCD   0x000258    program     static C:\USERS\EVAND\DESKTOP\FECHADURAELETRONICA\WR_PWM\up_md_lcd_driver.asm
              EnviaCmdLCD   0x00025f    program     static C:\USERS\EVAND\DESKTOP\FECHADURAELETRONICA\WR_PWM\up_md_lcd_driver.asm
                Delay_LCD   0x000266    program     static C:\USERS\EVAND\DESKTOP\FECHADURAELETRONICA\WR_PWM\up_md_lcd_driver.asm
             _.org_1_026B   0x00026b    program     static C:\USERS\EVAND\DESKTOP\FECHADURAELETRONICA\WR_PWM\up_md_lcd_driver.asm
             _.org_1_026D   0x00026d    program     static C:\USERS\EVAND\DESKTOP\FECHADURAELETRONICA\WR_PWM\up_md_lcd_driver.asm
                delay_1ms   0x00026f    program     static C:\USERS\EVAND\DESKTOP\FECHADURAELETRONICA\WR_PWM\up_md_atrasos.asm
             _.org_1_0274   0x000274    program     static C:\USERS\EVAND\DESKTOP\FECHADURAELETRONICA\WR_PWM\up_md_atrasos.asm
             _.org_1_0276   0x000276    program     static C:\USERS\EVAND\DESKTOP\FECHADURAELETRONICA\WR_PWM\up_md_atrasos.asm
                delay_2ms   0x000278    program     static C:\USERS\EVAND\DESKTOP\FECHADURAELETRONICA\WR_PWM\up_md_atrasos.asm
             _.org_1_027D   0x00027d    program     static C:\USERS\EVAND\DESKTOP\FECHADURAELETRONICA\WR_PWM\up_md_atrasos.asm
             _.org_1_027F   0x00027f    program     static C:\USERS\EVAND\DESKTOP\FECHADURAELETRONICA\WR_PWM\up_md_atrasos.asm
                delay_3ms   0x000281    program     static C:\USERS\EVAND\DESKTOP\FECHADURAELETRONICA\WR_PWM\up_md_atrasos.asm
             _.org_1_0286   0x000286    program     static C:\USERS\EVAND\DESKTOP\FECHADURAELETRONICA\WR_PWM\up_md_atrasos.asm
             _.org_1_0288   0x000288    program     static C:\USERS\EVAND\DESKTOP\FECHADURAELETRONICA\WR_PWM\up_md_atrasos.asm
                delay_4ms   0x00028a    program     static C:\USERS\EVAND\DESKTOP\FECHADURAELETRONICA\WR_PWM\up_md_atrasos.asm
             _.org_1_028F   0x00028f    program     static C:\USERS\EVAND\DESKTOP\FECHADURAELETRONICA\WR_PWM\up_md_atrasos.asm
             _.org_1_0291   0x000291    program     static C:\USERS\EVAND\DESKTOP\FECHADURAELETRONICA\WR_PWM\up_md_atrasos.asm
                delay_5ms   0x000293    program     static C:\USERS\EVAND\DESKTOP\FECHADURAELETRONICA\WR_PWM\up_md_atrasos.asm
             _.org_1_0298   0x000298    program     static C:\USERS\EVAND\DESKTOP\FECHADURAELETRONICA\WR_PWM\up_md_atrasos.asm
             _.org_1_029A   0x00029a    program     static C:\USERS\EVAND\DESKTOP\FECHADURAELETRONICA\WR_PWM\up_md_atrasos.asm
               delay_10ms   0x00029c    program     static C:\USERS\EVAND\DESKTOP\FECHADURAELETRONICA\WR_PWM\up_md_atrasos.asm
             _.org_1_02A1   0x0002a1    program     static C:\USERS\EVAND\DESKTOP\FECHADURAELETRONICA\WR_PWM\up_md_atrasos.asm
             _.org_1_02A3   0x0002a3    program     static C:\USERS\EVAND\DESKTOP\FECHADURAELETRONICA\WR_PWM\up_md_atrasos.asm
               delay_20ms   0x0002a5    program     static C:\USERS\EVAND\DESKTOP\FECHADURAELETRONICA\WR_PWM\up_md_atrasos.asm
             _.org_1_02AA   0x0002aa    program     static C:\USERS\EVAND\DESKTOP\FECHADURAELETRONICA\WR_PWM\up_md_atrasos.asm
             _.org_1_02AC   0x0002ac    program     static C:\USERS\EVAND\DESKTOP\FECHADURAELETRONICA\WR_PWM\up_md_atrasos.asm
               delay_50ms   0x0002ae    program     static C:\USERS\EVAND\DESKTOP\FECHADURAELETRONICA\WR_PWM\up_md_atrasos.asm
             _.org_1_02B5   0x0002b5    program     static C:\USERS\EVAND\DESKTOP\FECHADURAELETRONICA\WR_PWM\up_md_atrasos.asm
             _.org_1_02B7   0x0002b7    program     static C:\USERS\EVAND\DESKTOP\FECHADURAELETRONICA\WR_PWM\up_md_atrasos.asm
             _.org_1_02B9   0x0002b9    program     static C:\USERS\EVAND\DESKTOP\FECHADURAELETRONICA\WR_PWM\up_md_atrasos.asm
              delay_100ms   0x0002bb    program     static C:\USERS\EVAND\DESKTOP\FECHADURAELETRONICA\WR_PWM\up_md_atrasos.asm
             _.org_1_02C2   0x0002c2    program     static C:\USERS\EVAND\DESKTOP\FECHADURAELETRONICA\WR_PWM\up_md_atrasos.asm
             _.org_1_02C4   0x0002c4    program     static C:\USERS\EVAND\DESKTOP\FECHADURAELETRONICA\WR_PWM\up_md_atrasos.asm
             _.org_1_02C6   0x0002c6    program     static C:\USERS\EVAND\DESKTOP\FECHADURAELETRONICA\WR_PWM\up_md_atrasos.asm
              delay_500ms   0x0002c8    program     static C:\USERS\EVAND\DESKTOP\FECHADURAELETRONICA\WR_PWM\up_md_atrasos.asm
             _.org_1_02CF   0x0002cf    program     static C:\USERS\EVAND\DESKTOP\FECHADURAELETRONICA\WR_PWM\up_md_atrasos.asm
             _.org_1_02D1   0x0002d1    program     static C:\USERS\EVAND\DESKTOP\FECHADURAELETRONICA\WR_PWM\up_md_atrasos.asm
             _.org_1_02D3   0x0002d3    program     static C:\USERS\EVAND\DESKTOP\FECHADURAELETRONICA\WR_PWM\up_md_atrasos.asm
                 delay_1s   0x0002d5    program     static C:\USERS\EVAND\DESKTOP\FECHADURAELETRONICA\WR_PWM\up_md_atrasos.asm
             _.org_1_02DC   0x0002dc    program     static C:\USERS\EVAND\DESKTOP\FECHADURAELETRONICA\WR_PWM\up_md_atrasos.asm
             _.org_1_02DE   0x0002de    program     static C:\USERS\EVAND\DESKTOP\FECHADURAELETRONICA\WR_PWM\up_md_atrasos.asm
             _.org_1_02E0   0x0002e0    program     static C:\USERS\EVAND\DESKTOP\FECHADURAELETRONICA\WR_PWM\up_md_atrasos.asm
              Iniciar_AN0   0x0002e2    program     static C:\USERS\EVAND\DESKTOP\FECHADURAELETRONICA\WR_PWM\up_CAD.asm
              Iniciar_AN1   0x0002e5    program     static C:\USERS\EVAND\DESKTOP\FECHADURAELETRONICA\WR_PWM\up_CAD.asm
              Iniciar_AN3   0x0002e8    program     static C:\USERS\EVAND\DESKTOP\FECHADURAELETRONICA\WR_PWM\up_CAD.asm
              Converte_AD   0x0002eb    program     static C:\USERS\EVAND\DESKTOP\FECHADURAELETRONICA\WR_PWM\up_CAD.asm
             _.org_1_02EE   0x0002ee    program     static C:\USERS\EVAND\DESKTOP\FECHADURAELETRONICA\WR_PWM\up_CAD.asm
             _.org_1_02F1   0x0002f1    program     static C:\USERS\EVAND\DESKTOP\FECHADURAELETRONICA\WR_PWM\up_CAD.asm
             iniciar_UART   0x0002f9    program     static C:\USERS\EVAND\DESKTOP\FECHADURAELETRONICA\WR_PWM\up_UART.asm
                TxCarUART   0x000307    program     static C:\USERS\EVAND\DESKTOP\FECHADURAELETRONICA\WR_PWM\up_UART.asm
                TxCmdUART   0x000307    program     static C:\USERS\EVAND\DESKTOP\FECHADURAELETRONICA\WR_PWM\up_UART.asm
                   TxCar1   0x000308    program     static C:\USERS\EVAND\DESKTOP\FECHADURAELETRONICA\WR_PWM\up_UART.asm
               RxCarUART1   0x00030d    program     static C:\USERS\EVAND\DESKTOP\FECHADURAELETRONICA\WR_PWM\up_UART.asm
               RxCarUART2   0x000317    program     static C:\USERS\EVAND\DESKTOP\FECHADURAELETRONICA\WR_PWM\up_UART.asm
               RxCarUART3   0x000321    program     static C:\USERS\EVAND\DESKTOP\FECHADURAELETRONICA\WR_PWM\up_UART.asm
               RxCarUART4   0x00032b    program     static C:\USERS\EVAND\DESKTOP\FECHADURAELETRONICA\WR_PWM\up_UART.asm
              verifica_m1   0x000335    program     static C:\USERS\EVAND\DESKTOP\FECHADURAELETRONICA\WR_PWM\up_UART.asm
              verifica_m2   0x000339    program     static C:\USERS\EVAND\DESKTOP\FECHADURAELETRONICA\WR_PWM\up_UART.asm
             comando_m1_O   0x00033f    program     static C:\USERS\EVAND\DESKTOP\FECHADURAELETRONICA\WR_PWM\up_UART.asm
             comando_m1_C   0x000343    program     static C:\USERS\EVAND\DESKTOP\FECHADURAELETRONICA\WR_PWM\up_UART.asm
          caracter_errado   0x000347    program     static C:\USERS\EVAND\DESKTOP\FECHADURAELETRONICA\WR_PWM\up_UART.asm
               RxCarUART5   0x00034b    program     static C:\USERS\EVAND\DESKTOP\FECHADURAELETRONICA\WR_PWM\up_UART.asm
   verifica_blue_fechando   0x000355    program     static C:\USERS\EVAND\DESKTOP\FECHADURAELETRONICA\WR_PWM\up_UART.asm
     verifica_m1_fechando   0x000359    program     static C:\USERS\EVAND\DESKTOP\FECHADURAELETRONICA\WR_PWM\up_UART.asm
     verifica_m2_fechando   0x00035d    program     static C:\USERS\EVAND\DESKTOP\FECHADURAELETRONICA\WR_PWM\up_UART.asm
    comando_blue_fechando   0x000362    program     static C:\USERS\EVAND\DESKTOP\FECHADURAELETRONICA\WR_PWM\up_UART.asm
    comando_m1_O_fechando   0x000366    program     static C:\USERS\EVAND\DESKTOP\FECHADURAELETRONICA\WR_PWM\up_UART.asm
    comando_m1_S_fechando   0x00036a    program     static C:\USERS\EVAND\DESKTOP\FECHADURAELETRONICA\WR_PWM\up_UART.asm
 caracter_errado_fechando   0x00036e    program     static C:\USERS\EVAND\DESKTOP\FECHADURAELETRONICA\WR_PWM\up_UART.asm
               RxCarUART6   0x000372    program     static C:\USERS\EVAND\DESKTOP\FECHADURAELETRONICA\WR_PWM\up_UART.asm
    verifica_blue_abrindo   0x00037c    program     static C:\USERS\EVAND\DESKTOP\FECHADURAELETRONICA\WR_PWM\up_UART.asm
      verifica_m1_abrindo   0x000380    program     static C:\USERS\EVAND\DESKTOP\FECHADURAELETRONICA\WR_PWM\up_UART.asm
      verifica_m2_abrindo   0x000384    program     static C:\USERS\EVAND\DESKTOP\FECHADURAELETRONICA\WR_PWM\up_UART.asm
     comando_blue_abrindo   0x000389    program     static C:\USERS\EVAND\DESKTOP\FECHADURAELETRONICA\WR_PWM\up_UART.asm
     comando_m1_C_abrindo   0x00038d    program     static C:\USERS\EVAND\DESKTOP\FECHADURAELETRONICA\WR_PWM\up_UART.asm
     comando_m1_S_abrindo   0x000391    program     static C:\USERS\EVAND\DESKTOP\FECHADURAELETRONICA\WR_PWM\up_UART.asm
  caracter_errado_abrindo   0x000395    program     static C:\USERS\EVAND\DESKTOP\FECHADURAELETRONICA\WR_PWM\up_UART.asm
                  RxError   0x000399    program     static C:\USERS\EVAND\DESKTOP\FECHADURAELETRONICA\WR_PWM\up_UART.asm
                msg_senha   0x00039d    program     static C:\USERS\EVAND\DESKTOP\FECHADURAELETRONICA\WR_PWM\up_msg.asm
             abrir_fechar   0x0003bc    program     static C:\USERS\EVAND\DESKTOP\FECHADURAELETRONICA\WR_PWM\up_msg.asm
               limpa_tela   0x000403    program     static C:\USERS\EVAND\DESKTOP\FECHADURAELETRONICA\WR_PWM\up_msg.asm
         msg_senha_errada   0x000406    program     static C:\USERS\EVAND\DESKTOP\FECHADURAELETRONICA\WR_PWM\up_msg.asm
        msg_senha_correta   0x000423    program     static C:\USERS\EVAND\DESKTOP\FECHADURAELETRONICA\WR_PWM\up_msg.asm


